// Jest Snapshot v1, https://goo.gl/fbAQLP

exports[`<NavigationItems /> should render 1 <NavigationItem /> element 1`] = `
ShallowWrapper {
  Symbol(enzyme.__root__): ShallowWrapper {
    Symbol(enzyme.__root__): [Circular],
    Symbol(enzyme.__unrendered__): <navigationItems />,
    Symbol(enzyme.__renderer__): Object {
      "batchedUpdates": [Function],
      "getNode": [Function],
      "render": [Function],
      "simulateError": [Function],
      "simulateEvent": [Function],
      "unmount": [Function],
    },
    Symbol(enzyme.__node__): Object {
      "instance": null,
      "key": undefined,
      "nodeType": "host",
      "props": Object {
        "children": <navigationItem
          active={true}
          link="/mobile-first-react-hamburger"
>
          Burger Builder
</navigationItem>,
        "className": "navigationItems",
      },
      "ref": null,
      "rendered": Object {
        "instance": null,
        "key": undefined,
        "nodeType": "function",
        "props": Object {
          "active": true,
          "children": "Burger Builder",
          "link": "/mobile-first-react-hamburger",
        },
        "ref": null,
        "rendered": "Burger Builder",
        "type": [Function],
      },
      "type": "ul",
    },
    Symbol(enzyme.__nodes__): Array [
      Object {
        "instance": null,
        "key": undefined,
        "nodeType": "host",
        "props": Object {
          "children": <navigationItem
            active={true}
            link="/mobile-first-react-hamburger"
>
            Burger Builder
</navigationItem>,
          "className": "navigationItems",
        },
        "ref": null,
        "rendered": Object {
          "instance": null,
          "key": undefined,
          "nodeType": "function",
          "props": Object {
            "active": true,
            "children": "Burger Builder",
            "link": "/mobile-first-react-hamburger",
          },
          "ref": null,
          "rendered": "Burger Builder",
          "type": [Function],
        },
        "type": "ul",
      },
    ],
    Symbol(enzyme.__options__): Object {
      "adapter": ReactSixteenAdapter {
        "options": Object {
          "enableComponentDidUpdateOnSetState": true,
          "lifecycles": Object {
            "componentDidUpdate": Object {
              "onSetState": true,
            },
            "getDerivedStateFromProps": true,
            "getSnapshotBeforeUpdate": true,
            "setState": Object {
              "skipsComponentDidUpdateOnNullish": true,
            },
          },
        },
      },
      "attachTo": undefined,
      "hydrateIn": undefined,
    },
  },
  Symbol(enzyme.__unrendered__): null,
  Symbol(enzyme.__renderer__): Object {
    "batchedUpdates": [Function],
    "getNode": [Function],
    "render": [Function],
    "simulateError": [Function],
    "simulateEvent": [Function],
    "unmount": [Function],
  },
  Symbol(enzyme.__node__): Object {
    "instance": null,
    "key": undefined,
    "nodeType": "function",
    "props": Object {
      "active": true,
      "children": "Burger Builder",
      "link": "/mobile-first-react-hamburger",
    },
    "ref": null,
    "rendered": "Burger Builder",
    "type": [Function],
  },
  Symbol(enzyme.__nodes__): Array [
    Object {
      "instance": null,
      "key": undefined,
      "nodeType": "function",
      "props": Object {
        "active": true,
        "children": "Burger Builder",
        "link": "/mobile-first-react-hamburger",
      },
      "ref": null,
      "rendered": "Burger Builder",
      "type": [Function],
    },
  ],
  Symbol(enzyme.__options__): Object {
    "adapter": ReactSixteenAdapter {
      "options": Object {
        "enableComponentDidUpdateOnSetState": true,
        "lifecycles": Object {
          "componentDidUpdate": Object {
            "onSetState": true,
          },
          "getDerivedStateFromProps": true,
          "getSnapshotBeforeUpdate": true,
          "setState": Object {
            "skipsComponentDidUpdateOnNullish": true,
          },
        },
      },
    },
    "attachTo": undefined,
    "hydrateIn": undefined,
  },
}
`;
